============================================================
PandaDock Preprocessing Report
============================================================
Generated: 2025-09-23 13:31:58

RECEPTOR PROCESSING
------------------------------
Input file: 6x3v.pdb
Output file: preprocessing/intermediate/receptor_processed.pdb
Format: .pdb
pH used: 7.4
Original atoms: 5462
Final atoms: 10936
Atoms added: 5474

No missing residues found.

No missing atoms found.

Hydrogens added: 5474
Charges assigned: True


LIGAND PROCESSING
------------------------------
Input file: etomidate.sdf
Output file: preprocessing/intermediate/ligand_processed.sdf
Format: .sdf
Original atoms: 18
Final atoms: 34
Hydrogens added: 16
Minimized: True
Energy before minimization: 143.40 kcal/mol
Energy after minimization: 58.84 kcal/mol
Energy change: -84.56 kcal/mol


SUMMARY
------------------------------
Receptor atoms: 5462 -> 10936
Ligand atoms: 18 -> 34
Total atoms processed: 10970

Preprocessing completed successfully.
Files are ready for docking workflow.
============================================================
